src/modules/alunos/alertas.service.ts(1,26): error TS2792: Cannot find module '@/lib/supabase'. Did you mean to set the 'moduleResolution' option to 'nodenext', or to add aliases to the 'paths' option?
src/modules/alunos/alertas.service.ts(2,70): error TS2792: Cannot find module '@/lib/database.types'. Did you mean to set the 'moduleResolution' option to 'nodenext', or to add aliases to the 'paths' option?
src/modules/alunos/AlertasContext.tsx(2,55): error TS2792: Cannot find module '@tanstack/react-query'. Did you mean to set the 'moduleResolution' option to 'nodenext', or to add aliases to the 'paths' option?
src/modules/alunos/AlertasContext.tsx(4,25): error TS2792: Cannot find module '@/modules/auth/AuthContext'. Did you mean to set the 'moduleResolution' option to 'nodenext', or to add aliases to the 'paths' option?
src/modules/alunos/components/OnboardingGuide.tsx(2,58): error TS2792: Cannot find module '@/components/ui/card'. Did you mean to set the 'moduleResolution' option to 'nodenext', or to add aliases to the 'paths' option?
src/modules/alunos/components/OnboardingGuide.tsx(3,24): error TS2792: Cannot find module '@/components/ui/button'. Did you mean to set the 'moduleResolution' option to 'nodenext', or to add aliases to the 'paths' option?
src/modules/alunos/components/OnboardingGuide.tsx(4,26): error TS2792: Cannot find module '@/components/ui/progress'. Did you mean to set the 'moduleResolution' option to 'nodenext', or to add aliases to the 'paths' option?
src/modules/alunos/components/OnboardingGuide.tsx(5,111): error TS2792: Cannot find module 'lucide-react'. Did you mean to set the 'moduleResolution' option to 'nodenext', or to add aliases to the 'paths' option?
src/modules/alunos/components/OnboardingGuide.tsx(6,22): error TS2792: Cannot find module 'react-router-dom'. Did you mean to set the 'moduleResolution' option to 'nodenext', or to add aliases to the 'paths' option?
src/modules/alunos/components/OnboardingGuide.tsx(7,20): error TS2792: Cannot find module '@/lib/utils'. Did you mean to set the 'moduleResolution' option to 'nodenext', or to add aliases to the 'paths' option?
src/modules/alunos/components/OnboardingGuide.tsx(95,9): error TS2339: Property 'div' does not exist on type 'JSX.IntrinsicElements'.
src/modules/alunos/components/OnboardingGuide.tsx(97,11): error TS2339: Property 'p' does not exist on type 'JSX.IntrinsicElements'.
src/modules/alunos/components/OnboardingGuide.tsx(97,115): error TS2339: Property 'p' does not exist on type 'JSX.IntrinsicElements'.
src/modules/alunos/components/OnboardingGuide.tsx(98,9): error TS2339: Property 'div' does not exist on type 'JSX.IntrinsicElements'.
src/modules/alunos/components/OnboardingGuide.tsx(109,9): error TS2339: Property 'div' does not exist on type 'JSX.IntrinsicElements'.
src/modules/alunos/components/OnboardingGuide.tsx(110,11): error TS2339: Property 'div' does not exist on type 'JSX.IntrinsicElements'.
src/modules/alunos/components/OnboardingGuide.tsx(111,13): error TS2339: Property 'span' does not exist on type 'JSX.IntrinsicElements'.
src/modules/alunos/components/OnboardingGuide.tsx(111,48): error TS2339: Property 'span' does not exist on type 'JSX.IntrinsicElements'.
src/modules/alunos/components/OnboardingGuide.tsx(112,13): error TS2339: Property 'span' does not exist on type 'JSX.IntrinsicElements'.
src/modules/alunos/components/OnboardingGuide.tsx(112,77): error TS2339: Property 'span' does not exist on type 'JSX.IntrinsicElements'.
src/modules/alunos/components/OnboardingGuide.tsx(113,11): error TS2339: Property 'div' does not exist on type 'JSX.IntrinsicElements'.
src/modules/alunos/components/OnboardingGuide.tsx(115,9): error TS2339: Property 'div' does not exist on type 'JSX.IntrinsicElements'.
src/modules/alunos/components/OnboardingGuide.tsx(117,9): error TS2339: Property 'div' does not exist on type 'JSX.IntrinsicElements'.
src/modules/alunos/components/OnboardingGuide.tsx(130,15): error TS2339: Property 'div' does not exist on type 'JSX.IntrinsicElements'.
src/modules/alunos/components/OnboardingGuide.tsx(137,15): error TS2339: Property 'div' does not exist on type 'JSX.IntrinsicElements'.
src/modules/alunos/components/OnboardingGuide.tsx(139,15): error TS2339: Property 'div' does not exist on type 'JSX.IntrinsicElements'.
src/modules/alunos/components/OnboardingGuide.tsx(140,17): error TS2339: Property 'h4' does not exist on type 'JSX.IntrinsicElements'.
src/modules/alunos/components/OnboardingGuide.tsx(145,17): error TS2339: Property 'h4' does not exist on type 'JSX.IntrinsicElements'.
src/modules/alunos/components/OnboardingGuide.tsx(146,17): error TS2339: Property 'p' does not exist on type 'JSX.IntrinsicElements'.
src/modules/alunos/components/OnboardingGuide.tsx(148,17): error TS2339: Property 'p' does not exist on type 'JSX.IntrinsicElements'.
src/modules/alunos/components/OnboardingGuide.tsx(149,15): error TS2339: Property 'div' does not exist on type 'JSX.IntrinsicElements'.
src/modules/alunos/components/OnboardingGuide.tsx(152,17): error TS2339: Property 'div' does not exist on type 'JSX.IntrinsicElements'.
src/modules/alunos/components/OnboardingGuide.tsx(154,17): error TS2339: Property 'div' does not exist on type 'JSX.IntrinsicElements'.
src/modules/alunos/components/OnboardingGuide.tsx(158,17): error TS2339: Property 'div' does not exist on type 'JSX.IntrinsicElements'.
src/modules/alunos/components/OnboardingGuide.tsx(160,17): error TS2339: Property 'div' does not exist on type 'JSX.IntrinsicElements'.
src/modules/alunos/components/OnboardingGuide.tsx(164,9): error TS2339: Property 'div' does not exist on type 'JSX.IntrinsicElements'.
src/modules/alunos/components/RadarEvasaoModal.tsx(5,8): error TS2792: Cannot find module 'lucide-react'. Did you mean to set the 'moduleResolution' option to 'nodenext', or to add aliases to the 'paths' option?
src/modules/alunos/components/RadarEvasaoModal.tsx(6,29): error TS2792: Cannot find module 'react-router-dom'. Did you mean to set the 'moduleResolution' option to 'nodenext', or to add aliases to the 'paths' option?
src/modules/alunos/components/RadarEvasaoModal.tsx(7,24): error TS2792: Cannot find module '@/components/ui/button'. Did you mean to set the 'moduleResolution' option to 'nodenext', or to add aliases to the 'paths' option?
src/modules/alunos/components/RadarEvasaoModal.tsx(8,32): error TS2792: Cannot find module '@/components/ui/BadgeGravidade'. Did you mean to set the 'moduleResolution' option to 'nodenext', or to add aliases to the 'paths' option?
src/modules/alunos/components/RadarEvasaoModal.tsx(11,20): error TS2792: Cannot find module '@/lib/utils'. Did you mean to set the 'moduleResolution' option to 'nodenext', or to add aliases to the 'paths' option?
src/modules/alunos/components/RadarEvasaoModal.tsx(12,29): error TS2792: Cannot find module '@/components/mobile/BottomSheet'. Did you mean to set the 'moduleResolution' option to 'nodenext', or to add aliases to the 'paths' option?
src/modules/alunos/components/RadarEvasaoModal.tsx(19,8): error TS2792: Cannot find module '@/components/ui/dialog'. Did you mean to set the 'moduleResolution' option to 'nodenext', or to add aliases to the 'paths' option?
src/modules/alunos/components/RadarEvasaoModal.tsx(63,5): error TS2339: Property 'div' does not exist on type 'JSX.IntrinsicElements'.
src/modules/alunos/components/RadarEvasaoModal.tsx(65,7): error TS2339: Property 'div' does not exist on type 'JSX.IntrinsicElements'.
src/modules/alunos/components/RadarEvasaoModal.tsx(66,9): error TS2339: Property 'div' does not exist on type 'JSX.IntrinsicElements'.
src/modules/alunos/components/RadarEvasaoModal.tsx(68,9): error TS2339: Property 'div' does not exist on type 'JSX.IntrinsicElements'.
src/modules/alunos/components/RadarEvasaoModal.tsx(69,9): error TS2339: Property 'div' does not exist on type 'JSX.IntrinsicElements'.
src/modules/alunos/components/RadarEvasaoModal.tsx(70,11): error TS2339: Property 'h2' does not exist on type 'JSX.IntrinsicElements'.
src/modules/alunos/components/RadarEvasaoModal.tsx(70,97): error TS2339: Property 'h2' does not exist on type 'JSX.IntrinsicElements'.
src/modules/alunos/components/RadarEvasaoModal.tsx(71,11): error TS2339: Property 'div' does not exist on type 'JSX.IntrinsicElements'.
src/modules/alunos/components/RadarEvasaoModal.tsx(73,11): error TS2339: Property 'div' does not exist on type 'JSX.IntrinsicElements'.
src/modules/alunos/components/RadarEvasaoModal.tsx(74,9): error TS2339: Property 'div' does not exist on type 'JSX.IntrinsicElements'.
src/modules/alunos/components/RadarEvasaoModal.tsx(75,7): error TS2339: Property 'div' does not exist on type 'JSX.IntrinsicElements'.
src/modules/alunos/components/RadarEvasaoModal.tsx(78,7): error TS2339: Property 'div' does not exist on type 'JSX.IntrinsicElements'.
src/modules/alunos/components/RadarEvasaoModal.tsx(79,9): error TS2339: Property 'div' does not exist on type 'JSX.IntrinsicElements'.
src/modules/alunos/components/RadarEvasaoModal.tsx(81,11): error TS2339: Property 'div' does not exist on type 'JSX.IntrinsicElements'.
src/modules/alunos/components/RadarEvasaoModal.tsx(82,13): error TS2339: Property 'h3' does not exist on type 'JSX.IntrinsicElements'.
src/modules/alunos/components/RadarEvasaoModal.tsx(84,13): error TS2339: Property 'h3' does not exist on type 'JSX.IntrinsicElements'.
src/modules/alunos/components/RadarEvasaoModal.tsx(85,13): error TS2339: Property 'p' does not exist on type 'JSX.IntrinsicElements'.
src/modules/alunos/components/RadarEvasaoModal.tsx(87,13): error TS2339: Property 'p' does not exist on type 'JSX.IntrinsicElements'.
src/modules/alunos/components/RadarEvasaoModal.tsx(88,11): error TS2339: Property 'div' does not exist on type 'JSX.IntrinsicElements'.
src/modules/alunos/components/RadarEvasaoModal.tsx(89,9): error TS2339: Property 'div' does not exist on type 'JSX.IntrinsicElements'.
src/modules/alunos/components/RadarEvasaoModal.tsx(90,7): error TS2339: Property 'div' does not exist on type 'JSX.IntrinsicElements'.
src/modules/alunos/components/RadarEvasaoModal.tsx(93,7): error TS2339: Property 'div' does not exist on type 'JSX.IntrinsicElements'.
src/modules/alunos/components/RadarEvasaoModal.tsx(94,9): error TS2339: Property 'h3' does not exist on type 'JSX.IntrinsicElements'.
src/modules/alunos/components/RadarEvasaoModal.tsx(97,9): error TS2339: Property 'h3' does not exist on type 'JSX.IntrinsicElements'.
src/modules/alunos/components/RadarEvasaoModal.tsx(98,9): error TS2339: Property 'div' does not exist on type 'JSX.IntrinsicElements'.
src/modules/alunos/components/RadarEvasaoModal.tsx(100,13): error TS2339: Property 'div' does not exist on type 'JSX.IntrinsicElements'.
src/modules/alunos/components/RadarEvasaoModal.tsx(101,15): error TS2339: Property 'div' does not exist on type 'JSX.IntrinsicElements'.
src/modules/alunos/components/RadarEvasaoModal.tsx(103,15): error TS2339: Property 'div' does not exist on type 'JSX.IntrinsicElements'.
src/modules/alunos/components/RadarEvasaoModal.tsx(104,15): error TS2339: Property 'div' does not exist on type 'JSX.IntrinsicElements'.
src/modules/alunos/components/RadarEvasaoModal.tsx(105,17): error TS2339: Property 'p' does not exist on type 'JSX.IntrinsicElements'.
src/modules/alunos/components/RadarEvasaoModal.tsx(107,17): error TS2339: Property 'p' does not exist on type 'JSX.IntrinsicElements'.
src/modules/alunos/components/RadarEvasaoModal.tsx(108,17): error TS2339: Property 'p' does not exist on type 'JSX.IntrinsicElements'.
src/modules/alunos/components/RadarEvasaoModal.tsx(110,17): error TS2339: Property 'p' does not exist on type 'JSX.IntrinsicElements'.
src/modules/alunos/components/RadarEvasaoModal.tsx(111,15): error TS2339: Property 'div' does not exist on type 'JSX.IntrinsicElements'.
src/modules/alunos/components/RadarEvasaoModal.tsx(112,13): error TS2339: Property 'div' does not exist on type 'JSX.IntrinsicElements'.
src/modules/alunos/components/RadarEvasaoModal.tsx(115,13): error TS2339: Property 'div' does not exist on type 'JSX.IntrinsicElements'.
src/modules/alunos/components/RadarEvasaoModal.tsx(116,15): error TS2339: Property 'div' does not exist on type 'JSX.IntrinsicElements'.
src/modules/alunos/components/RadarEvasaoModal.tsx(118,15): error TS2339: Property 'div' does not exist on type 'JSX.IntrinsicElements'.
src/modules/alunos/components/RadarEvasaoModal.tsx(119,15): error TS2339: Property 'div' does not exist on type 'JSX.IntrinsicElements'.
src/modules/alunos/components/RadarEvasaoModal.tsx(120,17): error TS2339: Property 'p' does not exist on type 'JSX.IntrinsicElements'.
src/modules/alunos/components/RadarEvasaoModal.tsx(122,17): error TS2339: Property 'p' does not exist on type 'JSX.IntrinsicElements'.
src/modules/alunos/components/RadarEvasaoModal.tsx(123,17): error TS2339: Property 'p' does not exist on type 'JSX.IntrinsicElements'.
src/modules/alunos/components/RadarEvasaoModal.tsx(125,17): error TS2339: Property 'p' does not exist on type 'JSX.IntrinsicElements'.
src/modules/alunos/components/RadarEvasaoModal.tsx(126,15): error TS2339: Property 'div' does not exist on type 'JSX.IntrinsicElements'.
src/modules/alunos/components/RadarEvasaoModal.tsx(127,13): error TS2339: Property 'div' does not exist on type 'JSX.IntrinsicElements'.
src/modules/alunos/components/RadarEvasaoModal.tsx(129,9): error TS2339: Property 'div' does not exist on type 'JSX.IntrinsicElements'.
src/modules/alunos/components/RadarEvasaoModal.tsx(130,7): error TS2339: Property 'div' does not exist on type 'JSX.IntrinsicElements'.
src/modules/alunos/components/RadarEvasaoModal.tsx(133,7): error TS2339: Property 'div' does not exist on type 'JSX.IntrinsicElements'.
src/modules/alunos/components/RadarEvasaoModal.tsx(146,9): error TS2339: Property 'div' does not exist on type 'JSX.IntrinsicElements'.
src/modules/alunos/components/RadarEvasaoModal.tsx(161,9): error TS2339: Property 'div' does not exist on type 'JSX.IntrinsicElements'.
src/modules/alunos/components/RadarEvasaoModal.tsx(163,9): error TS2339: Property 'div' does not exist on type 'JSX.IntrinsicElements'.
src/modules/alunos/components/RadarEvasaoModal.tsx(206,9): error TS2339: Property 'div' does not exist on type 'JSX.IntrinsicElements'.
src/modules/alunos/components/RadarEvasaoModal.tsx(207,7): error TS2339: Property 'div' does not exist on type 'JSX.IntrinsicElements'.
src/modules/alunos/components/RadarEvasaoModal.tsx(208,5): error TS2339: Property 'div' does not exist on type 'JSX.IntrinsicElements'.
src/modules/alunos/components/RadarEvasaoModal.tsx(215,7): error TS2339: Property 'div' does not exist on type 'JSX.IntrinsicElements'.
src/modules/alunos/components/RadarEvasaoModal.tsx(219,7): error TS2339: Property 'div' does not exist on type 'JSX.IntrinsicElements'.
src/modules/alunos/components/RadarEvasaoModal.tsx(220,7): error TS2339: Property 'div' does not exist on type 'JSX.IntrinsicElements'.
src/modules/alunos/components/RadarEvasaoModal.tsx(227,13): error TS2339: Property 'div' does not exist on type 'JSX.IntrinsicElements'.
src/modules/alunos/components/RadarEvasaoModal.tsx(229,13): error TS2339: Property 'div' does not exist on type 'JSX.IntrinsicElements'.
src/modules/alunos/components/RadarEvasaoModal.tsx(232,7): error TS2339: Property 'div' does not exist on type 'JSX.IntrinsicElements'.
src/modules/alunos/dashboard.hooks.ts(1,26): error TS2792: Cannot find module '@tanstack/react-query'. Did you mean to set the 'moduleResolution' option to 'nodenext', or to add aliases to the 'paths' option?
src/modules/alunos/dashboard.hooks.ts(2,25): error TS2792: Cannot find module '@/modules/auth/AuthContext'. Did you mean to set the 'moduleResolution' option to 'nodenext', or to add aliases to the 'paths' option?
src/modules/alunos/dashboard.service.ts(1,26): error TS2792: Cannot find module '@/lib/supabase'. Did you mean to set the 'moduleResolution' option to 'nodenext', or to add aliases to the 'paths' option?
src/modules/alunos/dashboard.service.ts(2,30): error TS2792: Cannot find module '@/modules/comunicacao/service'. Did you mean to set the 'moduleResolution' option to 'nodenext', or to add aliases to the 'paths' option?
src/modules/alunos/pages/DashboardPage.web.tsx(1,58): error TS2792: Cannot find module '@/components/ui/card'. Did you mean to set the 'moduleResolution' option to 'nodenext', or to add aliases to the 'paths' option?
src/modules/alunos/pages/DashboardPage.web.tsx(2,23): error TS2792: Cannot find module '@/components/ui/badge'. Did you mean to set the 'moduleResolution' option to 'nodenext', or to add aliases to the 'paths' option?
src/modules/alunos/pages/DashboardPage.web.tsx(3,24): error TS2792: Cannot find module '@/components/ui/button'. Did you mean to set the 'moduleResolution' option to 'nodenext', or to add aliases to the 'paths' option?
src/modules/alunos/pages/DashboardPage.web.tsx(10,8): error TS2792: Cannot find module '@/components/ui/dialog'. Did you mean to set the 'moduleResolution' option to 'nodenext', or to add aliases to the 'paths' option?
src/modules/alunos/pages/DashboardPage.web.tsx(11,29): error TS2792: Cannot find module 'react-router-dom'. Did you mean to set the 'moduleResolution' option to 'nodenext', or to add aliases to the 'paths' option?
src/modules/alunos/pages/DashboardPage.web.tsx(12,25): error TS2792: Cannot find module '@/modules/auth/AuthContext'. Did you mean to set the 'moduleResolution' option to 'nodenext', or to add aliases to the 'paths' option?
src/modules/alunos/pages/DashboardPage.web.tsx(36,8): error TS2792: Cannot find module 'lucide-react'. Did you mean to set the 'moduleResolution' option to 'nodenext', or to add aliases to the 'paths' option?
src/modules/alunos/pages/DashboardPage.web.tsx(37,32): error TS2792: Cannot find module '@/components/ui/BadgeGravidade'. Did you mean to set the 'moduleResolution' option to 'nodenext', or to add aliases to the 'paths' option?
src/modules/alunos/pages/DashboardPage.web.tsx(41,24): error TS2792: Cannot find module 'date-fns'. Did you mean to set the 'moduleResolution' option to 'nodenext', or to add aliases to the 'paths' option?
src/modules/alunos/pages/DashboardPage.web.tsx(42,22): error TS2792: Cannot find module 'date-fns/locale'. Did you mean to set the 'moduleResolution' option to 'nodenext', or to add aliases to the 'paths' option?
src/modules/alunos/pages/DashboardPage.web.tsx(44,20): error TS2792: Cannot find module '@/lib/utils'. Did you mean to set the 'moduleResolution' option to 'nodenext', or to add aliases to the 'paths' option?
src/modules/alunos/pages/DashboardPage.web.tsx(47,29): error TS2792: Cannot find module '@/components/mobile/BottomSheet'. Did you mean to set the 'moduleResolution' option to 'nodenext', or to add aliases to the 'paths' option?
src/modules/alunos/pages/DashboardPage.web.tsx(48,34): error TS2792: Cannot find module '@/components/ui/NotificationBell'. Did you mean to set the 'moduleResolution' option to 'nodenext', or to add aliases to the 'paths' option?
src/modules/alunos/pages/DashboardPage.web.tsx(49,64): error TS2792: Cannot find module '@/hooks/useNotifications'. Did you mean to set the 'moduleResolution' option to 'nodenext', or to add aliases to the 'paths' option?
src/modules/alunos/pages/DashboardPage.web.tsx(50,80): error TS2792: Cannot find module '@/components/ui/sheet'. Did you mean to set the 'moduleResolution' option to 'nodenext', or to add aliases to the 'paths' option?
src/modules/alunos/pages/DashboardPage.web.tsx(51,24): error TS2792: Cannot find module '@/assets/coruja_ANDROID.svg'. Did you mean to set the 'moduleResolution' option to 'nodenext', or to add aliases to the 'paths' option?
src/modules/alunos/pages/DashboardPage.web.tsx(52,26): error TS2792: Cannot find module '@/components/ui/Greeting'. Did you mean to set the 'moduleResolution' option to 'nodenext', or to add aliases to the 'paths' option?
src/modules/alunos/pages/DashboardPage.web.tsx(66,5): error TS2339: Property 'div' does not exist on type 'JSX.IntrinsicElements'.
src/modules/alunos/pages/DashboardPage.web.tsx(67,7): error TS2339: Property 'button' does not exist on type 'JSX.IntrinsicElements'.
src/modules/alunos/pages/DashboardPage.web.tsx(72,7): error TS2339: Property 'button' does not exist on type 'JSX.IntrinsicElements'.
src/modules/alunos/pages/DashboardPage.web.tsx(74,7): error TS2339: Property 'div' does not exist on type 'JSX.IntrinsicElements'.
src/modules/alunos/pages/DashboardPage.web.tsx(75,9): error TS2339: Property 'div' does not exist on type 'JSX.IntrinsicElements'.
src/modules/alunos/pages/DashboardPage.web.tsx(76,11): error TS2339: Property 'div' does not exist on type 'JSX.IntrinsicElements'.
src/modules/alunos/pages/DashboardPage.web.tsx(77,13): error TS2339: Property 'img' does not exist on type 'JSX.IntrinsicElements'.
src/modules/alunos/pages/DashboardPage.web.tsx(78,11): error TS2339: Property 'div' does not exist on type 'JSX.IntrinsicElements'.
src/modules/alunos/pages/DashboardPage.web.tsx(80,11): error TS2339: Property 'div' does not exist on type 'JSX.IntrinsicElements'.
src/modules/alunos/pages/DashboardPage.web.tsx(81,13): error TS2339: Property 'h3' does not exist on type 'JSX.IntrinsicElements'.
src/modules/alunos/pages/DashboardPage.web.tsx(83,13): error TS2339: Property 'h3' does not exist on type 'JSX.IntrinsicElements'.
src/modules/alunos/pages/DashboardPage.web.tsx(84,13): error TS2339: Property 'p' does not exist on type 'JSX.IntrinsicElements'.
src/modules/alunos/pages/DashboardPage.web.tsx(85,24): error TS2339: Property 'strong' does not exist on type 'JSX.IntrinsicElements'.
src/modules/alunos/pages/DashboardPage.web.tsx(85,97): error TS2339: Property 'strong' does not exist on type 'JSX.IntrinsicElements'.
src/modules/alunos/pages/DashboardPage.web.tsx(87,13): error TS2339: Property 'p' does not exist on type 'JSX.IntrinsicElements'.
src/modules/alunos/pages/DashboardPage.web.tsx(95,11): error TS2339: Property 'div' does not exist on type 'JSX.IntrinsicElements'.
src/modules/alunos/pages/DashboardPage.web.tsx(96,9): error TS2339: Property 'div' does not exist on type 'JSX.IntrinsicElements'.
src/modules/alunos/pages/DashboardPage.web.tsx(97,7): error TS2339: Property 'div' does not exist on type 'JSX.IntrinsicElements'.
src/modules/alunos/pages/DashboardPage.web.tsx(98,5): error TS2339: Property 'div' does not exist on type 'JSX.IntrinsicElements'.
src/modules/alunos/pages/DashboardPage.web.tsx(114,5): error TS2339: Property 'div' does not exist on type 'JSX.IntrinsicElements'.
src/modules/alunos/pages/DashboardPage.web.tsx(115,7): error TS2339: Property 'button' does not exist on type 'JSX.IntrinsicElements'.
src/modules/alunos/pages/DashboardPage.web.tsx(120,7): error TS2339: Property 'button' does not exist on type 'JSX.IntrinsicElements'.
src/modules/alunos/pages/DashboardPage.web.tsx(122,7): error TS2339: Property 'div' does not exist on type 'JSX.IntrinsicElements'.
src/modules/alunos/pages/DashboardPage.web.tsx(123,9): error TS2339: Property 'div' does not exist on type 'JSX.IntrinsicElements'.
src/modules/alunos/pages/DashboardPage.web.tsx(124,11): error TS2339: Property 'div' does not exist on type 'JSX.IntrinsicElements'.
src/modules/alunos/pages/DashboardPage.web.tsx(126,11): error TS2339: Property 'div' does not exist on type 'JSX.IntrinsicElements'.
src/modules/alunos/pages/DashboardPage.web.tsx(128,11): error TS2339: Property 'div' does not exist on type 'JSX.IntrinsicElements'.
src/modules/alunos/pages/DashboardPage.web.tsx(129,13): error TS2339: Property 'h3' does not exist on type 'JSX.IntrinsicElements'.
src/modules/alunos/pages/DashboardPage.web.tsx(131,13): error TS2339: Property 'h3' does not exist on type 'JSX.IntrinsicElements'.
src/modules/alunos/pages/DashboardPage.web.tsx(132,13): error TS2339: Property 'p' does not exist on type 'JSX.IntrinsicElements'.
src/modules/alunos/pages/DashboardPage.web.tsx(133,24): error TS2339: Property 'strong' does not exist on type 'JSX.IntrinsicElements'.
src/modules/alunos/pages/DashboardPage.web.tsx(133,97): error TS2339: Property 'strong' does not exist on type 'JSX.IntrinsicElements'.
src/modules/alunos/pages/DashboardPage.web.tsx(134,15): error TS2339: Property 'br' does not exist on type 'JSX.IntrinsicElements'.
src/modules/alunos/pages/DashboardPage.web.tsx(135,15): error TS2339: Property 'span' does not exist on type 'JSX.IntrinsicElements'.
src/modules/alunos/pages/DashboardPage.web.tsx(135,117): error TS2339: Property 'span' does not exist on type 'JSX.IntrinsicElements'.
src/modules/alunos/pages/DashboardPage.web.tsx(136,13): error TS2339: Property 'p' does not exist on type 'JSX.IntrinsicElements'.
src/modules/alunos/pages/DashboardPage.web.tsx(144,11): error TS2339: Property 'div' does not exist on type 'JSX.IntrinsicElements'.
src/modules/alunos/pages/DashboardPage.web.tsx(145,9): error TS2339: Property 'div' does not exist on type 'JSX.IntrinsicElements'.
src/modules/alunos/pages/DashboardPage.web.tsx(146,7): error TS2339: Property 'div' does not exist on type 'JSX.IntrinsicElements'.
src/modules/alunos/pages/DashboardPage.web.tsx(147,5): error TS2339: Property 'div' does not exist on type 'JSX.IntrinsicElements'.
src/modules/alunos/pages/DashboardPage.web.tsx(194,9): error TS2339: Property 'div' does not exist on type 'JSX.IntrinsicElements'.
src/modules/alunos/pages/DashboardPage.web.tsx(195,11): error TS2339: Property 'a' does not exist on type 'JSX.IntrinsicElements'.
src/modules/alunos/pages/DashboardPage.web.tsx(195,11): error TS2339: Property 'abbr' does not exist on type 'JSX.IntrinsicElements'.
src/modules/alunos/pages/DashboardPage.web.tsx(195,11): error TS2339: Property 'address' does not exist on type 'JSX.IntrinsicElements'.
src/modules/alunos/pages/DashboardPage.web.tsx(195,11): error TS2339: Property 'animate' does not exist on type 'JSX.IntrinsicElements'.
src/modules/alunos/pages/DashboardPage.web.tsx(195,11): error TS2339: Property 'animateMotion' does not exist on type 'JSX.IntrinsicElements'.
src/modules/alunos/pages/DashboardPage.web.tsx(195,11): error TS2339: Property 'animateTransform' does not exist on type 'JSX.IntrinsicElements'.
src/modules/alunos/pages/DashboardPage.web.tsx(195,11): error TS2339: Property 'area' does not exist on type 'JSX.IntrinsicElements'.
src/modules/alunos/pages/DashboardPage.web.tsx(195,11): error TS2339: Property 'article' does not exist on type 'JSX.IntrinsicElements'.
src/modules/alunos/pages/DashboardPage.web.tsx(195,11): error TS2339: Property 'aside' does not exist on type 'JSX.IntrinsicElements'.
src/modules/alunos/pages/DashboardPage.web.tsx(195,11): error TS2339: Property 'audio' does not exist on type 'JSX.IntrinsicElements'.
src/modules/alunos/pages/DashboardPage.web.tsx(195,11): error TS2339: Property 'b' does not exist on type 'JSX.IntrinsicElements'.
src/modules/alunos/pages/DashboardPage.web.tsx(195,11): error TS2339: Property 'base' does not exist on type 'JSX.IntrinsicElements'.
src/modules/alunos/pages/DashboardPage.web.tsx(195,11): error TS2339: Property 'bdi' does not exist on type 'JSX.IntrinsicElements'.
src/modules/alunos/pages/DashboardPage.web.tsx(195,11): error TS2339: Property 'bdo' does not exist on type 'JSX.IntrinsicElements'.
src/modules/alunos/pages/DashboardPage.web.tsx(195,11): error TS2339: Property 'big' does not exist on type 'JSX.IntrinsicElements'.
src/modules/alunos/pages/DashboardPage.web.tsx(195,11): error TS2339: Property 'blockquote' does not exist on type 'JSX.IntrinsicElements'.
src/modules/alunos/pages/DashboardPage.web.tsx(195,11): error TS2339: Property 'body' does not exist on type 'JSX.IntrinsicElements'.
src/modules/alunos/pages/DashboardPage.web.tsx(195,11): error TS2339: Property 'br' does not exist on type 'JSX.IntrinsicElements'.
src/modules/alunos/pages/DashboardPage.web.tsx(195,11): error TS2339: Property 'button' does not exist on type 'JSX.IntrinsicElements'.
src/modules/alunos/pages/DashboardPage.web.tsx(195,11): error TS2339: Property 'canvas' does not exist on type 'JSX.IntrinsicElements'.
src/modules/alunos/pages/DashboardPage.web.tsx(195,11): error TS2339: Property 'caption' does not exist on type 'JSX.IntrinsicElements'.
src/modules/alunos/pages/DashboardPage.web.tsx(195,11): error TS2339: Property 'center' does not exist on type 'JSX.IntrinsicElements'.
src/modules/alunos/pages/DashboardPage.web.tsx(195,11): error TS2339: Property 'circle' does not exist on type 'JSX.IntrinsicElements'.
src/modules/alunos/pages/DashboardPage.web.tsx(195,11): error TS2339: Property 'cite' does not exist on type 'JSX.IntrinsicElements'.
src/modules/alunos/pages/DashboardPage.web.tsx(195,11): error TS2339: Property 'clipPath' does not exist on type 'JSX.IntrinsicElements'.
src/modules/alunos/pages/DashboardPage.web.tsx(195,11): error TS2339: Property 'code' does not exist on type 'JSX.IntrinsicElements'.
src/modules/alunos/pages/DashboardPage.web.tsx(195,11): error TS2339: Property 'col' does not exist on type 'JSX.IntrinsicElements'.
src/modules/alunos/pages/DashboardPage.web.tsx(195,11): error TS2339: Property 'colgroup' does not exist on type 'JSX.IntrinsicElements'.
src/modules/alunos/pages/DashboardPage.web.tsx(195,11): error TS2339: Property 'data' does not exist on type 'JSX.IntrinsicElements'.
src/modules/alunos/pages/DashboardPage.web.tsx(195,11): error TS2339: Property 'datalist' does not exist on type 'JSX.IntrinsicElements'.
src/modules/alunos/pages/DashboardPage.web.tsx(195,11): error TS2339: Property 'dd' does not exist on type 'JSX.IntrinsicElements'.
src/modules/alunos/pages/DashboardPage.web.tsx(195,11): error TS2339: Property 'defs' does not exist on type 'JSX.IntrinsicElements'.
src/modules/alunos/pages/DashboardPage.web.tsx(195,11): error TS2339: Property 'del' does not exist on type 'JSX.IntrinsicElements'.
src/modules/alunos/pages/DashboardPage.web.tsx(195,11): error TS2339: Property 'desc' does not exist on type 'JSX.IntrinsicElements'.
src/modules/alunos/pages/DashboardPage.web.tsx(195,11): error TS2339: Property 'details' does not exist on type 'JSX.IntrinsicElements'.
src/modules/alunos/pages/DashboardPage.web.tsx(195,11): error TS2339: Property 'dfn' does not exist on type 'JSX.IntrinsicElements'.
src/modules/alunos/pages/DashboardPage.web.tsx(195,11): error TS2339: Property 'dialog' does not exist on type 'JSX.IntrinsicElements'.
src/modules/alunos/pages/DashboardPage.web.tsx(195,11): error TS2339: Property 'div' does not exist on type 'JSX.IntrinsicElements'.
src/modules/alunos/pages/DashboardPage.web.tsx(195,11): error TS2339: Property 'dl' does not exist on type 'JSX.IntrinsicElements'.
src/modules/alunos/pages/DashboardPage.web.tsx(195,11): error TS2339: Property 'dt' does not exist on type 'JSX.IntrinsicElements'.
src/modules/alunos/pages/DashboardPage.web.tsx(195,11): error TS2339: Property 'ellipse' does not exist on type 'JSX.IntrinsicElements'.
src/modules/alunos/pages/DashboardPage.web.tsx(195,11): error TS2339: Property 'em' does not exist on type 'JSX.IntrinsicElements'.
src/modules/alunos/pages/DashboardPage.web.tsx(195,11): error TS2339: Property 'embed' does not exist on type 'JSX.IntrinsicElements'.
src/modules/alunos/pages/DashboardPage.web.tsx(195,11): error TS2339: Property 'feBlend' does not exist on type 'JSX.IntrinsicElements'.
src/modules/alunos/pages/DashboardPage.web.tsx(195,11): error TS2339: Property 'feColorMatrix' does not exist on type 'JSX.IntrinsicElements'.
src/modules/alunos/pages/DashboardPage.web.tsx(195,11): error TS2339: Property 'feComponentTransfer' does not exist on type 'JSX.IntrinsicElements'.
src/modules/alunos/pages/DashboardPage.web.tsx(195,11): error TS2339: Property 'feComposite' does not exist on type 'JSX.IntrinsicElements'.
src/modules/alunos/pages/DashboardPage.web.tsx(195,11): error TS2339: Property 'feConvolveMatrix' does not exist on type 'JSX.IntrinsicElements'.
src/modules/alunos/pages/DashboardPage.web.tsx(195,11): error TS2339: Property 'feDiffuseLighting' does not exist on type 'JSX.IntrinsicElements'.
src/modules/alunos/pages/DashboardPage.web.tsx(195,11): error TS2339: Property 'feDisplacementMap' does not exist on type 'JSX.IntrinsicElements'.
src/modules/alunos/pages/DashboardPage.web.tsx(195,11): error TS2339: Property 'feDistantLight' does not exist on type 'JSX.IntrinsicElements'.
src/modules/alunos/pages/DashboardPage.web.tsx(195,11): error TS2339: Property 'feDropShadow' does not exist on type 'JSX.IntrinsicElements'.
src/modules/alunos/pages/DashboardPage.web.tsx(195,11): error TS2339: Property 'feFlood' does not exist on type 'JSX.IntrinsicElements'.
src/modules/alunos/pages/DashboardPage.web.tsx(195,11): error TS2339: Property 'feFuncA' does not exist on type 'JSX.IntrinsicElements'.
src/modules/alunos/pages/DashboardPage.web.tsx(195,11): error TS2339: Property 'feFuncB' does not exist on type 'JSX.IntrinsicElements'.
src/modules/alunos/pages/DashboardPage.web.tsx(195,11): error TS2339: Property 'feFuncG' does not exist on type 'JSX.IntrinsicElements'.
src/modules/alunos/pages/DashboardPage.web.tsx(195,11): error TS2339: Property 'feFuncR' does not exist on type 'JSX.IntrinsicElements'.
src/modules/alunos/pages/DashboardPage.web.tsx(195,11): error TS2339: Property 'feGaussianBlur' does not exist on type 'JSX.IntrinsicElements'.
src/modules/alunos/pages/DashboardPage.web.tsx(195,11): error TS2339: Property 'feImage' does not exist on type 'JSX.IntrinsicElements'.
src/modules/alunos/pages/DashboardPage.web.tsx(195,11): error TS2339: Property 'feMerge' does not exist on type 'JSX.IntrinsicElements'.
src/modules/alunos/pages/DashboardPage.web.tsx(195,11): error TS2339: Property 'feMergeNode' does not exist on type 'JSX.IntrinsicElements'.
src/modules/alunos/pages/DashboardPage.web.tsx(195,11): error TS2339: Property 'feMorphology' does not exist on type 'JSX.IntrinsicElements'.
src/modules/alunos/pages/DashboardPage.web.tsx(195,11): error TS2339: Property 'feOffset' does not exist on type 'JSX.IntrinsicElements'.
src/modules/alunos/pages/DashboardPage.web.tsx(195,11): error TS2339: Property 'fePointLight' does not exist on type 'JSX.IntrinsicElements'.
src/modules/alunos/pages/DashboardPage.web.tsx(195,11): error TS2339: Property 'feSpecularLighting' does not exist on type 'JSX.IntrinsicElements'.
src/modules/alunos/pages/DashboardPage.web.tsx(195,11): error TS2339: Property 'feSpotLight' does not exist on type 'JSX.IntrinsicElements'.
src/modules/alunos/pages/DashboardPage.web.tsx(195,11): error TS2339: Property 'feTile' does not exist on type 'JSX.IntrinsicElements'.
src/modules/alunos/pages/DashboardPage.web.tsx(195,11): error TS2339: Property 'feTurbulence' does not exist on type 'JSX.IntrinsicElements'.
src/modules/alunos/pages/DashboardPage.web.tsx(195,11): error TS2339: Property 'fieldset' does not exist on type 'JSX.IntrinsicElements'.
src/modules/alunos/pages/DashboardPage.web.tsx(195,11): error TS2339: Property 'figcaption' does not exist on type 'JSX.IntrinsicElements'.
src/modules/alunos/pages/DashboardPage.web.tsx(195,11): error TS2339: Property 'figure' does not exist on type 'JSX.IntrinsicElements'.
src/modules/alunos/pages/DashboardPage.web.tsx(195,11): error TS2339: Property 'filter' does not exist on type 'JSX.IntrinsicElements'.
src/modules/alunos/pages/DashboardPage.web.tsx(195,11): error TS2339: Property 'footer' does not exist on type 'JSX.IntrinsicElements'.
src/modules/alunos/pages/DashboardPage.web.tsx(195,11): error TS2339: Property 'foreignObject' does not exist on type 'JSX.IntrinsicElements'.
src/modules/alunos/pages/DashboardPage.web.tsx(195,11): error TS2339: Property 'form' does not exist on type 'JSX.IntrinsicElements'.
src/modules/alunos/pages/DashboardPage.web.tsx(195,11): error TS2339: Property 'g' does not exist on type 'JSX.IntrinsicElements'.
src/modules/alunos/pages/DashboardPage.web.tsx(195,11): error TS2339: Property 'h1' does not exist on type 'JSX.IntrinsicElements'.
src/modules/alunos/pages/DashboardPage.web.tsx(195,11): error TS2339: Property 'h2' does not exist on type 'JSX.IntrinsicElements'.
src/modules/alunos/pages/DashboardPage.web.tsx(195,11): error TS2339: Property 'h3' does not exist on type 'JSX.IntrinsicElements'.
src/modules/alunos/pages/DashboardPage.web.tsx(195,11): error TS2339: Property 'h4' does not exist on type 'JSX.IntrinsicElements'.
src/modules/alunos/pages/DashboardPage.web.tsx(195,11): error TS2339: Property 'h5' does not exist on type 'JSX.IntrinsicElements'.
src/modules/alunos/pages/DashboardPage.web.tsx(195,11): error TS2339: Property 'h6' does not exist on type 'JSX.IntrinsicElements'.
src/modules/alunos/pages/DashboardPage.web.tsx(195,11): error TS2339: Property 'head' does not exist on type 'JSX.IntrinsicElements'.
src/modules/alunos/pages/DashboardPage.web.tsx(195,11): error TS2339: Property 'header' does not exist on type 'JSX.IntrinsicElements'.
src/modules/alunos/pages/DashboardPage.web.tsx(195,11): error TS2339: Property 'hgroup' does not exist on type 'JSX.IntrinsicElements'.
src/modules/alunos/pages/DashboardPage.web.tsx(195,11): error TS2339: Property 'hr' does not exist on type 'JSX.IntrinsicElements'.
src/modules/alunos/pages/DashboardPage.web.tsx(195,11): error TS2339: Property 'html' does not exist on type 'JSX.IntrinsicElements'.
src/modules/alunos/pages/DashboardPage.web.tsx(195,11): error TS2339: Property 'i' does not exist on type 'JSX.IntrinsicElements'.
src/modules/alunos/pages/DashboardPage.web.tsx(195,11): error TS2339: Property 'iframe' does not exist on type 'JSX.IntrinsicElements'.
src/modules/alunos/pages/DashboardPage.web.tsx(195,11): error TS2339: Property 'image' does not exist on type 'JSX.IntrinsicElements'.
src/modules/alunos/pages/DashboardPage.web.tsx(195,11): error TS2339: Property 'img' does not exist on type 'JSX.IntrinsicElements'.
src/modules/alunos/pages/DashboardPage.web.tsx(195,11): error TS2339: Property 'input' does not exist on type 'JSX.IntrinsicElements'.
src/modules/alunos/pages/DashboardPage.web.tsx(195,11): error TS2339: Property 'ins' does not exist on type 'JSX.IntrinsicElements'.
src/modules/alunos/pages/DashboardPage.web.tsx(195,11): error TS2339: Property 'kbd' does not exist on type 'JSX.IntrinsicElements'.
src/modules/alunos/pages/DashboardPage.web.tsx(195,11): error TS2339: Property 'keygen' does not exist on type 'JSX.IntrinsicElements'.
src/modules/alunos/pages/DashboardPage.web.tsx(195,11): error TS2339: Property 'label' does not exist on type 'JSX.IntrinsicElements'.
src/modules/alunos/pages/DashboardPage.web.tsx(195,11): error TS2339: Property 'legend' does not exist on type 'JSX.IntrinsicElements'.
src/modules/alunos/pages/DashboardPage.web.tsx(195,11): error TS2339: Property 'li' does not exist on type 'JSX.IntrinsicElements'.
src/modules/alunos/pages/DashboardPage.web.tsx(195,11): error TS2339: Property 'line' does not exist on type 'JSX.IntrinsicElements'.
src/modules/alunos/pages/DashboardPage.web.tsx(195,11): error TS2339: Property 'linearGradient' does not exist on type 'JSX.IntrinsicElements'.
src/modules/alunos/pages/DashboardPage.web.tsx(195,11): error TS2339: Property 'link' does not exist on type 'JSX.IntrinsicElements'.
src/modules/alunos/pages/DashboardPage.web.tsx(195,11): error TS2339: Property 'main' does not exist on type 'JSX.IntrinsicElements'.
src/modules/alunos/pages/DashboardPage.web.tsx(195,11): error TS2339: Property 'map' does not exist on type 'JSX.IntrinsicElements'.
src/modules/alunos/pages/DashboardPage.web.tsx(195,11): error TS2339: Property 'mark' does not exist on type 'JSX.IntrinsicElements'.
src/modules/alunos/pages/DashboardPage.web.tsx(195,11): error TS2339: Property 'marker' does not exist on type 'JSX.IntrinsicElements'.
src/modules/alunos/pages/DashboardPage.web.tsx(195,11): error TS2339: Property 'mask' does not exist on type 'JSX.IntrinsicElements'.
src/modules/alunos/pages/DashboardPage.web.tsx(195,11): error TS2339: Property 'menu' does not exist on type 'JSX.IntrinsicElements'.
src/modules/alunos/pages/DashboardPage.web.tsx(195,11): error TS2339: Property 'menuitem' does not exist on type 'JSX.IntrinsicElements'.
src/modules/alunos/pages/DashboardPage.web.tsx(195,11): error TS2339: Property 'meta' does not exist on type 'JSX.IntrinsicElements'.
src/modules/alunos/pages/DashboardPage.web.tsx(195,11): error TS2339: Property 'metadata' does not exist on type 'JSX.IntrinsicElements'.
src/modules/alunos/pages/DashboardPage.web.tsx(195,11): error TS2339: Property 'meter' does not exist on type 'JSX.IntrinsicElements'.
src/modules/alunos/pages/DashboardPage.web.tsx(195,11): error TS2339: Property 'mpath' does not exist on type 'JSX.IntrinsicElements'.
src/modules/alunos/pages/DashboardPage.web.tsx(195,11): error TS2339: Property 'nav' does not exist on type 'JSX.IntrinsicElements'.
src/modules/alunos/pages/DashboardPage.web.tsx(195,11): error TS2339: Property 'noindex' does not exist on type 'JSX.IntrinsicElements'.
src/modules/alunos/pages/DashboardPage.web.tsx(195,11): error TS2339: Property 'noscript' does not exist on type 'JSX.IntrinsicElements'.
src/modules/alunos/pages/DashboardPage.web.tsx(195,11): error TS2339: Property 'object' does not exist on type 'JSX.IntrinsicElements'.
src/modules/alunos/pages/DashboardPage.web.tsx(195,11): error TS2339: Property 'ol' does not exist on type 'JSX.IntrinsicElements'.
src/modules/alunos/pages/DashboardPage.web.tsx(195,11): error TS2339: Property 'optgroup' does not exist on type 'JSX.IntrinsicElements'.
src/modules/alunos/pages/DashboardPage.web.tsx(195,11): error TS2339: Property 'option' does not exist on type 'JSX.IntrinsicElements'.
src/modules/alunos/pages/DashboardPage.web.tsx(195,11): error TS2339: Property 'output' does not exist on type 'JSX.IntrinsicElements'.
src/modules/alunos/pages/DashboardPage.web.tsx(195,11): error TS2339: Property 'p' does not exist on type 'JSX.IntrinsicElements'.
src/modules/alunos/pages/DashboardPage.web.tsx(195,11): error TS2339: Property 'param' does not exist on type 'JSX.IntrinsicElements'.
src/modules/alunos/pages/DashboardPage.web.tsx(195,11): error TS2339: Property 'path' does not exist on type 'JSX.IntrinsicElements'.
src/modules/alunos/pages/DashboardPage.web.tsx(195,11): error TS2339: Property 'pattern' does not exist on type 'JSX.IntrinsicElements'.
src/modules/alunos/pages/DashboardPage.web.tsx(195,11): error TS2339: Property 'picture' does not exist on type 'JSX.IntrinsicElements'.
src/modules/alunos/pages/DashboardPage.web.tsx(195,11): error TS2339: Property 'polygon' does not exist on type 'JSX.IntrinsicElements'.
src/modules/alunos/pages/DashboardPage.web.tsx(195,11): error TS2339: Property 'polyline' does not exist on type 'JSX.IntrinsicElements'.
src/modules/alunos/pages/DashboardPage.web.tsx(195,11): error TS2339: Property 'pre' does not exist on type 'JSX.IntrinsicElements'.
src/modules/alunos/pages/DashboardPage.web.tsx(195,11): error TS2339: Property 'progress' does not exist on type 'JSX.IntrinsicElements'.
src/modules/alunos/pages/DashboardPage.web.tsx(195,11): error TS2339: Property 'q' does not exist on type 'JSX.IntrinsicElements'.
src/modules/alunos/pages/DashboardPage.web.tsx(195,11): error TS2339: Property 'radialGradient' does not exist on type 'JSX.IntrinsicElements'.
src/modules/alunos/pages/DashboardPage.web.tsx(195,11): error TS2339: Property 'rect' does not exist on type 'JSX.IntrinsicElements'.
src/modules/alunos/pages/DashboardPage.web.tsx(195,11): error TS2339: Property 'rp' does not exist on type 'JSX.IntrinsicElements'.
src/modules/alunos/pages/DashboardPage.web.tsx(195,11): error TS2339: Property 'rt' does not exist on type 'JSX.IntrinsicElements'.
src/modules/alunos/pages/DashboardPage.web.tsx(195,11): error TS2339: Property 'ruby' does not exist on type 'JSX.IntrinsicElements'.
src/modules/alunos/pages/DashboardPage.web.tsx(195,11): error TS2339: Property 's' does not exist on type 'JSX.IntrinsicElements'.
src/modules/alunos/pages/DashboardPage.web.tsx(195,11): error TS2339: Property 'samp' does not exist on type 'JSX.IntrinsicElements'.
src/modules/alunos/pages/DashboardPage.web.tsx(195,11): error TS2339: Property 'script' does not exist on type 'JSX.IntrinsicElements'.
src/modules/alunos/pages/DashboardPage.web.tsx(195,11): error TS2339: Property 'search' does not exist on type 'JSX.IntrinsicElements'.
src/modules/alunos/pages/DashboardPage.web.tsx(195,11): error TS2339: Property 'section' does not exist on type 'JSX.IntrinsicElements'.
src/modules/alunos/pages/DashboardPage.web.tsx(195,11): error TS2339: Property 'select' does not exist on type 'JSX.IntrinsicElements'.
src/modules/alunos/pages/DashboardPage.web.tsx(195,11): error TS2339: Property 'set' does not exist on type 'JSX.IntrinsicElements'.
src/modules/alunos/pages/DashboardPage.web.tsx(195,11): error TS2339: Property 'slot' does not exist on type 'JSX.IntrinsicElements'.
src/modules/alunos/pages/DashboardPage.web.tsx(195,11): error TS2339: Property 'small' does not exist on type 'JSX.IntrinsicElements'.
src/modules/alunos/pages/DashboardPage.web.tsx(195,11): error TS2339: Property 'source' does not exist on type 'JSX.IntrinsicElements'.
src/modules/alunos/pages/DashboardPage.web.tsx(195,11): error TS2339: Property 'span' does not exist on type 'JSX.IntrinsicElements'.
src/modules/alunos/pages/DashboardPage.web.tsx(195,11): error TS2339: Property 'stop' does not exist on type 'JSX.IntrinsicElements'.
src/modules/alunos/pages/DashboardPage.web.tsx(195,11): error TS2339: Property 'strong' does not exist on type 'JSX.IntrinsicElements'.
src/modules/alunos/pages/DashboardPage.web.tsx(195,11): error TS2339: Property 'style' does not exist on type 'JSX.IntrinsicElements'.
src/modules/alunos/pages/DashboardPage.web.tsx(195,11): error TS2339: Property 'sub' does not exist on type 'JSX.IntrinsicElements'.
src/modules/alunos/pages/DashboardPage.web.tsx(195,11): error TS2339: Property 'summary' does not exist on type 'JSX.IntrinsicElements'.
src/modules/alunos/pages/DashboardPage.web.tsx(195,11): error TS2339: Property 'sup' does not exist on type 'JSX.IntrinsicElements'.
src/modules/alunos/pages/DashboardPage.web.tsx(195,11): error TS2339: Property 'svg' does not exist on type 'JSX.IntrinsicElements'.
src/modules/alunos/pages/DashboardPage.web.tsx(195,11): error TS2339: Property 'switch' does not exist on type 'JSX.IntrinsicElements'.
src/modules/alunos/pages/DashboardPage.web.tsx(195,11): error TS2339: Property 'symbol' does not exist on type 'JSX.IntrinsicElements'.
src/modules/alunos/pages/DashboardPage.web.tsx(195,11): error TS2339: Property 'table' does not exist on type 'JSX.IntrinsicElements'.
src/modules/alunos/pages/DashboardPage.web.tsx(195,11): error TS2339: Property 'tbody' does not exist on type 'JSX.IntrinsicElements'.
src/modules/alunos/pages/DashboardPage.web.tsx(195,11): error TS2339: Property 'td' does not exist on type 'JSX.IntrinsicElements'.
src/modules/alunos/pages/DashboardPage.web.tsx(195,11): error TS2339: Property 'template' does not exist on type 'JSX.IntrinsicElements'.
src/modules/alunos/pages/DashboardPage.web.tsx(195,11): error TS2339: Property 'text' does not exist on type 'JSX.IntrinsicElements'.
src/modules/alunos/pages/DashboardPage.web.tsx(195,11): error TS2339: Property 'textPath' does not exist on type 'JSX.IntrinsicElements'.
src/modules/alunos/pages/DashboardPage.web.tsx(195,11): error TS2339: Property 'textarea' does not exist on type 'JSX.IntrinsicElements'.
src/modules/alunos/pages/DashboardPage.web.tsx(195,11): error TS2339: Property 'tfoot' does not exist on type 'JSX.IntrinsicElements'.
src/modules/alunos/pages/DashboardPage.web.tsx(195,11): error TS2339: Property 'th' does not exist on type 'JSX.IntrinsicElements'.
src/modules/alunos/pages/DashboardPage.web.tsx(195,11): error TS2339: Property 'thead' does not exist on type 'JSX.IntrinsicElements'.
src/modules/alunos/pages/DashboardPage.web.tsx(195,11): error TS2339: Property 'time' does not exist on type 'JSX.IntrinsicElements'.
src/modules/alunos/pages/DashboardPage.web.tsx(195,11): error TS2339: Property 'title' does not exist on type 'JSX.IntrinsicElements'.
src/modules/alunos/pages/DashboardPage.web.tsx(195,11): error TS2339: Property 'tr' does not exist on type 'JSX.IntrinsicElements'.
src/modules/alunos/pages/DashboardPage.web.tsx(195,11): error TS2339: Property 'track' does not exist on type 'JSX.IntrinsicElements'.
src/modules/alunos/pages/DashboardPage.web.tsx(195,11): error TS2339: Property 'tspan' does not exist on type 'JSX.IntrinsicElements'.
src/modules/alunos/pages/DashboardPage.web.tsx(195,11): error TS2339: Property 'u' does not exist on type 'JSX.IntrinsicElements'.
src/modules/alunos/pages/DashboardPage.web.tsx(195,11): error TS2339: Property 'ul' does not exist on type 'JSX.IntrinsicElements'.
src/modules/alunos/pages/DashboardPage.web.tsx(195,11): error TS2339: Property 'use' does not exist on type 'JSX.IntrinsicElements'.
src/modules/alunos/pages/DashboardPage.web.tsx(195,11): error TS2339: Property 'var' does not exist on type 'JSX.IntrinsicElements'.
src/modules/alunos/pages/DashboardPage.web.tsx(195,11): error TS2339: Property 'video' does not exist on type 'JSX.IntrinsicElements'.
src/modules/alunos/pages/DashboardPage.web.tsx(195,11): error TS2339: Property 'view' does not exist on type 'JSX.IntrinsicElements'.
src/modules/alunos/pages/DashboardPage.web.tsx(195,11): error TS2339: Property 'wbr' does not exist on type 'JSX.IntrinsicElements'.
src/modules/alunos/pages/DashboardPage.web.tsx(195,11): error TS2339: Property 'webview' does not exist on type 'JSX.IntrinsicElements'.
src/modules/alunos/pages/DashboardPage.web.tsx(195,12): error TS2604: JSX element type 'Icon' does not have any construct or call signatures.
src/modules/alunos/pages/DashboardPage.web.tsx(196,9): error TS2339: Property 'div' does not exist on type 'JSX.IntrinsicElements'.
src/modules/alunos/pages/DashboardPage.web.tsx(199,9): error TS2339: Property 'div' does not exist on type 'JSX.IntrinsicElements'.
src/modules/alunos/pages/DashboardPage.web.tsx(201,9): error TS2339: Property 'div' does not exist on type 'JSX.IntrinsicElements'.
src/modules/alunos/pages/DashboardPage.web.tsx(202,9): error TS2339: Property 'p' does not exist on type 'JSX.IntrinsicElements'.
src/modules/alunos/pages/DashboardPage.web.tsx(202,105): error TS2339: Property 'p' does not exist on type 'JSX.IntrinsicElements'.
src/modules/alunos/pages/DashboardPage.web.tsx(234,5): error TS2339: Property 'div' does not exist on type 'JSX.IntrinsicElements'.
src/modules/alunos/pages/DashboardPage.web.tsx(235,7): error TS2339: Property 'div' does not exist on type 'JSX.IntrinsicElements'.
src/modules/alunos/pages/DashboardPage.web.tsx(236,9): error TS2339: Property 'button' does not exist on type 'JSX.IntrinsicElements'.
src/modules/alunos/pages/DashboardPage.web.tsx(241,9): error TS2339: Property 'button' does not exist on type 'JSX.IntrinsicElements'.
src/modules/alunos/pages/DashboardPage.web.tsx(246,7): error TS2339: Property 'div' does not exist on type 'JSX.IntrinsicElements'.
src/modules/alunos/pages/DashboardPage.web.tsx(247,7): error TS2339: Property 'div' does not exist on type 'JSX.IntrinsicElements'.
src/modules/alunos/pages/DashboardPage.web.tsx(249,11): error TS2339: Property 'div' does not exist on type 'JSX.IntrinsicElements'.
src/modules/alunos/pages/DashboardPage.web.tsx(250,13): error TS2339: Property 'div' does not exist on type 'JSX.IntrinsicElements'.
src/modules/alunos/pages/DashboardPage.web.tsx(252,13): error TS2339: Property 'div' does not exist on type 'JSX.IntrinsicElements'.
src/modules/alunos/pages/DashboardPage.web.tsx(253,13): error TS2339: Property 'p' does not exist on type 'JSX.IntrinsicElements'.
src/modules/alunos/pages/DashboardPage.web.tsx(255,13): error TS2339: Property 'p' does not exist on type 'JSX.IntrinsicElements'.
src/modules/alunos/pages/DashboardPage.web.tsx(256,11): error TS2339: Property 'div' does not exist on type 'JSX.IntrinsicElements'.
src/modules/alunos/pages/DashboardPage.web.tsx(259,11): error TS2339: Property 'div' does not exist on type 'JSX.IntrinsicElements'.
src/modules/alunos/pages/DashboardPage.web.tsx(260,13): error TS2339: Property 'div' does not exist on type 'JSX.IntrinsicElements'.
src/modules/alunos/pages/DashboardPage.web.tsx(262,13): error TS2339: Property 'div' does not exist on type 'JSX.IntrinsicElements'.
src/modules/alunos/pages/DashboardPage.web.tsx(263,13): error TS2339: Property 'p' does not exist on type 'JSX.IntrinsicElements'.
src/modules/alunos/pages/DashboardPage.web.tsx(265,13): error TS2339: Property 'p' does not exist on type 'JSX.IntrinsicElements'.
src/modules/alunos/pages/DashboardPage.web.tsx(266,11): error TS2339: Property 'div' does not exist on type 'JSX.IntrinsicElements'.
src/modules/alunos/pages/DashboardPage.web.tsx(268,7): error TS2339: Property 'div' does not exist on type 'JSX.IntrinsicElements'.
src/modules/alunos/pages/DashboardPage.web.tsx(269,7): error TS2339: Property 'button' does not exist on type 'JSX.IntrinsicElements'.
src/modules/alunos/pages/DashboardPage.web.tsx(275,7): error TS2339: Property 'button' does not exist on type 'JSX.IntrinsicElements'.
src/modules/alunos/pages/DashboardPage.web.tsx(276,5): error TS2339: Property 'div' does not exist on type 'JSX.IntrinsicElements'.
src/modules/alunos/pages/DashboardPage.web.tsx(286,5): error TS2339: Property 'div' does not exist on type 'JSX.IntrinsicElements'.
src/modules/alunos/pages/DashboardPage.web.tsx(290,7): error TS2339: Property 'div' does not exist on type 'JSX.IntrinsicElements'.
src/modules/alunos/pages/DashboardPage.web.tsx(292,7): error TS2339: Property 'div' does not exist on type 'JSX.IntrinsicElements'.
src/modules/alunos/pages/DashboardPage.web.tsx(293,7): error TS2339: Property 'div' does not exist on type 'JSX.IntrinsicElements'.
src/modules/alunos/pages/DashboardPage.web.tsx(294,9): error TS2339: Property 'div' does not exist on type 'JSX.IntrinsicElements'.
src/modules/alunos/pages/DashboardPage.web.tsx(296,9): error TS2339: Property 'div' does not exist on type 'JSX.IntrinsicElements'.
src/modules/alunos/pages/DashboardPage.web.tsx(297,9): error TS2339: Property 'div' does not exist on type 'JSX.IntrinsicElements'.
src/modules/alunos/pages/DashboardPage.web.tsx(298,11): error TS2339: Property 'h3' does not exist on type 'JSX.IntrinsicElements'.
src/modules/alunos/pages/DashboardPage.web.tsx(300,11): error TS2339: Property 'h3' does not exist on type 'JSX.IntrinsicElements'.
src/modules/alunos/pages/DashboardPage.web.tsx(301,11): error TS2339: Property 'p' does not exist on type 'JSX.IntrinsicElements'.
src/modules/alunos/pages/DashboardPage.web.tsx(306,11): error TS2339: Property 'p' does not exist on type 'JSX.IntrinsicElements'.
src/modules/alunos/pages/DashboardPage.web.tsx(307,9): error TS2339: Property 'div' does not exist on type 'JSX.IntrinsicElements'.
src/modules/alunos/pages/DashboardPage.web.tsx(308,7): error TS2339: Property 'div' does not exist on type 'JSX.IntrinsicElements'.
src/modules/alunos/pages/DashboardPage.web.tsx(309,5): error TS2339: Property 'div' does not exist on type 'JSX.IntrinsicElements'.
src/modules/alunos/pages/DashboardPage.web.tsx(331,5): error TS2339: Property 'div' does not exist on type 'JSX.IntrinsicElements'.
src/modules/alunos/pages/DashboardPage.web.tsx(333,9): error TS2339: Property 'div' does not exist on type 'JSX.IntrinsicElements'.
src/modules/alunos/pages/DashboardPage.web.tsx(338,11): error TS2339: Property 'div' does not exist on type 'JSX.IntrinsicElements'.
src/modules/alunos/pages/DashboardPage.web.tsx(342,11): error TS2339: Property 'div' does not exist on type 'JSX.IntrinsicElements'.
src/modules/alunos/pages/DashboardPage.web.tsx(344,11): error TS2339: Property 'div' does not exist on type 'JSX.IntrinsicElements'.
src/modules/alunos/pages/DashboardPage.web.tsx(345,13): error TS2339: Property 'div' does not exist on type 'JSX.IntrinsicElements'.
src/modules/alunos/pages/DashboardPage.web.tsx(347,13): error TS2339: Property 'div' does not exist on type 'JSX.IntrinsicElements'.
src/modules/alunos/pages/DashboardPage.web.tsx(349,13): error TS2339: Property 'div' does not exist on type 'JSX.IntrinsicElements'.
src/modules/alunos/pages/DashboardPage.web.tsx(350,15): error TS2339: Property 'div' does not exist on type 'JSX.IntrinsicElements'.
src/modules/alunos/pages/DashboardPage.web.tsx(351,17): error TS2339: Property 'h3' does not exist on type 'JSX.IntrinsicElements'.
src/modules/alunos/pages/DashboardPage.web.tsx(353,17): error TS2339: Property 'h3' does not exist on type 'JSX.IntrinsicElements'.
src/modules/alunos/pages/DashboardPage.web.tsx(354,15): error TS2339: Property 'div' does not exist on type 'JSX.IntrinsicElements'.
src/modules/alunos/pages/DashboardPage.web.tsx(356,15): error TS2339: Property 'p' does not exist on type 'JSX.IntrinsicElements'.
src/modules/alunos/pages/DashboardPage.web.tsx(357,17): error TS2339: Property 'strong' does not exist on type 'JSX.IntrinsicElements'.
src/modules/alunos/pages/DashboardPage.web.tsx(357,98): error TS2339: Property 'strong' does not exist on type 'JSX.IntrinsicElements'.
src/modules/alunos/pages/DashboardPage.web.tsx(358,25): error TS2339: Property 'strong' does not exist on type 'JSX.IntrinsicElements'.
src/modules/alunos/pages/DashboardPage.web.tsx(358,100): error TS2339: Property 'strong' does not exist on type 'JSX.IntrinsicElements'.
src/modules/alunos/pages/DashboardPage.web.tsx(359,17): error TS2339: Property 'br' does not exist on type 'JSX.IntrinsicElements'.
src/modules/alunos/pages/DashboardPage.web.tsx(360,17): error TS2339: Property 'span' does not exist on type 'JSX.IntrinsicElements'.
src/modules/alunos/pages/DashboardPage.web.tsx(361,26): error TS2339: Property 'strong' does not exist on type 'JSX.IntrinsicElements'.
src/modules/alunos/pages/DashboardPage.web.tsx(361,176): error TS2339: Property 'strong' does not exist on type 'JSX.IntrinsicElements'.
src/modules/alunos/pages/DashboardPage.web.tsx(362,19): error TS2339: Property 'span' does not exist on type 'JSX.IntrinsicElements'.
src/modules/alunos/pages/DashboardPage.web.tsx(362,54): error TS2339: Property 'span' does not exist on type 'JSX.IntrinsicElements'.
src/modules/alunos/pages/DashboardPage.web.tsx(364,17): error TS2339: Property 'span' does not exist on type 'JSX.IntrinsicElements'.
src/modules/alunos/pages/DashboardPage.web.tsx(365,15): error TS2339: Property 'p' does not exist on type 'JSX.IntrinsicElements'.
src/modules/alunos/pages/DashboardPage.web.tsx(367,15): error TS2339: Property 'div' does not exist on type 'JSX.IntrinsicElements'.
src/modules/alunos/pages/DashboardPage.web.tsx(375,17): error TS2339: Property 'div' does not exist on type 'JSX.IntrinsicElements'.
src/modules/alunos/pages/DashboardPage.web.tsx(377,19): error TS2339: Property 'p' does not exist on type 'JSX.IntrinsicElements'.
src/modules/alunos/pages/DashboardPage.web.tsx(379,19): error TS2339: Property 'p' does not exist on type 'JSX.IntrinsicElements'.
src/modules/alunos/pages/DashboardPage.web.tsx(380,17): error TS2339: Property 'div' does not exist on type 'JSX.IntrinsicElements'.
src/modules/alunos/pages/DashboardPage.web.tsx(381,15): error TS2339: Property 'div' does not exist on type 'JSX.IntrinsicElements'.
src/modules/alunos/pages/DashboardPage.web.tsx(382,13): error TS2339: Property 'div' does not exist on type 'JSX.IntrinsicElements'.
src/modules/alunos/pages/DashboardPage.web.tsx(383,11): error TS2339: Property 'div' does not exist on type 'JSX.IntrinsicElements'.
src/modules/alunos/pages/DashboardPage.web.tsx(386,11): error TS2339: Property 'button' does not exist on type 'JSX.IntrinsicElements'.
src/modules/alunos/pages/DashboardPage.web.tsx(391,11): error TS2339: Property 'button' does not exist on type 'JSX.IntrinsicElements'.
src/modules/alunos/pages/DashboardPage.web.tsx(392,9): error TS2339: Property 'div' does not exist on type 'JSX.IntrinsicElements'.
src/modules/alunos/pages/DashboardPage.web.tsx(394,5): error TS2339: Property 'div' does not exist on type 'JSX.IntrinsicElements'.
src/modules/alunos/pages/DashboardPage.web.tsx(458,7): error TS2339: Property 'div' does not exist on type 'JSX.IntrinsicElements'.
src/modules/alunos/pages/DashboardPage.web.tsx(460,7): error TS2339: Property 'div' does not exist on type 'JSX.IntrinsicElements'.
src/modules/alunos/pages/DashboardPage.web.tsx(466,7): error TS2339: Property 'div' does not exist on type 'JSX.IntrinsicElements'.
src/modules/alunos/pages/DashboardPage.web.tsx(468,9): error TS2339: Property 'h2' does not exist on type 'JSX.IntrinsicElements'.
src/modules/alunos/pages/DashboardPage.web.tsx(468,94): error TS2339: Property 'h2' does not exist on type 'JSX.IntrinsicElements'.
src/modules/alunos/pages/DashboardPage.web.tsx(469,9): error TS2339: Property 'p' does not exist on type 'JSX.IntrinsicElements'.
src/modules/alunos/pages/DashboardPage.web.tsx(469,105): error TS2339: Property 'p' does not exist on type 'JSX.IntrinsicElements'.
src/modules/alunos/pages/DashboardPage.web.tsx(470,9): error TS2339: Property 'button' does not exist on type 'JSX.IntrinsicElements'.
src/modules/alunos/pages/DashboardPage.web.tsx(475,9): error TS2339: Property 'button' does not exist on type 'JSX.IntrinsicElements'.
src/modules/alunos/pages/DashboardPage.web.tsx(476,7): error TS2339: Property 'div' does not exist on type 'JSX.IntrinsicElements'.
src/modules/alunos/pages/DashboardPage.web.tsx(592,5): error TS2339: Property 'div' does not exist on type 'JSX.IntrinsicElements'.
src/modules/alunos/pages/DashboardPage.web.tsx(594,7): error TS2339: Property 'div' does not exist on type 'JSX.IntrinsicElements'.
src/modules/alunos/pages/DashboardPage.web.tsx(596,7): error TS2339: Property 'div' does not exist on type 'JSX.IntrinsicElements'.
src/modules/alunos/pages/DashboardPage.web.tsx(634,7): error TS2339: Property 'div' does not exist on type 'JSX.IntrinsicElements'.
src/modules/alunos/pages/DashboardPage.web.tsx(638,7): error TS2339: Property 'div' does not exist on type 'JSX.IntrinsicElements'.
src/modules/alunos/pages/DashboardPage.web.tsx(641,7): error TS2339: Property 'div' does not exist on type 'JSX.IntrinsicElements'.
src/modules/alunos/pages/DashboardPage.web.tsx(645,7): error TS2339: Property 'div' does not exist on type 'JSX.IntrinsicElements'.
src/modules/alunos/pages/DashboardPage.web.tsx(649,9): error TS2339: Property 'div' does not exist on type 'JSX.IntrinsicElements'.
src/modules/alunos/pages/DashboardPage.web.tsx(652,13): error TS2339: Property 'section' does not exist on type 'JSX.IntrinsicElements'.
src/modules/alunos/pages/DashboardPage.web.tsx(655,19): error TS2339: Property 'div' does not exist on type 'JSX.IntrinsicElements'.
src/modules/alunos/pages/DashboardPage.web.tsx(656,22): error TS2339: Property 'div' does not exist on type 'JSX.IntrinsicElements'.
src/modules/alunos/pages/DashboardPage.web.tsx(658,22): error TS2339: Property 'div' does not exist on type 'JSX.IntrinsicElements'.
src/modules/alunos/pages/DashboardPage.web.tsx(660,19): error TS2339: Property 'div' does not exist on type 'JSX.IntrinsicElements'.
src/modules/alunos/pages/DashboardPage.web.tsx(662,19): error TS2339: Property 'p' does not exist on type 'JSX.IntrinsicElements'.
src/modules/alunos/pages/DashboardPage.web.tsx(662,127): error TS2339: Property 'p' does not exist on type 'JSX.IntrinsicElements'.
src/modules/alunos/pages/DashboardPage.web.tsx(669,21): error TS2339: Property 'button' does not exist on type 'JSX.IntrinsicElements'.
src/modules/alunos/pages/DashboardPage.web.tsx(674,21): error TS2339: Property 'button' does not exist on type 'JSX.IntrinsicElements'.
src/modules/alunos/pages/DashboardPage.web.tsx(678,13): error TS2339: Property 'section' does not exist on type 'JSX.IntrinsicElements'.
src/modules/alunos/pages/DashboardPage.web.tsx(683,13): error TS2339: Property 'section' does not exist on type 'JSX.IntrinsicElements'.
src/modules/alunos/pages/DashboardPage.web.tsx(686,19): error TS2339: Property 'div' does not exist on type 'JSX.IntrinsicElements'.
src/modules/alunos/pages/DashboardPage.web.tsx(688,21): error TS2339: Property 'p' does not exist on type 'JSX.IntrinsicElements'.
src/modules/alunos/pages/DashboardPage.web.tsx(690,21): error TS2339: Property 'p' does not exist on type 'JSX.IntrinsicElements'.
src/modules/alunos/pages/DashboardPage.web.tsx(691,19): error TS2339: Property 'div' does not exist on type 'JSX.IntrinsicElements'.
src/modules/alunos/pages/DashboardPage.web.tsx(695,19): error TS2339: Property 'div' does not exist on type 'JSX.IntrinsicElements'.
src/modules/alunos/pages/DashboardPage.web.tsx(697,23): error TS2339: Property 'div' does not exist on type 'JSX.IntrinsicElements'.
src/modules/alunos/pages/DashboardPage.web.tsx(698,25): error TS2339: Property 'div' does not exist on type 'JSX.IntrinsicElements'.
src/modules/alunos/pages/DashboardPage.web.tsx(702,28): error TS2339: Property 'span' does not exist on type 'JSX.IntrinsicElements'.
src/modules/alunos/pages/DashboardPage.web.tsx(704,28): error TS2339: Property 'span' does not exist on type 'JSX.IntrinsicElements'.
src/modules/alunos/pages/DashboardPage.web.tsx(705,25): error TS2339: Property 'div' does not exist on type 'JSX.IntrinsicElements'.
src/modules/alunos/pages/DashboardPage.web.tsx(706,25): error TS2339: Property 'h4' does not exist on type 'JSX.IntrinsicElements'.
src/modules/alunos/pages/DashboardPage.web.tsx(706,121): error TS2339: Property 'h4' does not exist on type 'JSX.IntrinsicElements'.
src/modules/alunos/pages/DashboardPage.web.tsx(707,25): error TS2339: Property 'p' does not exist on type 'JSX.IntrinsicElements'.
src/modules/alunos/pages/DashboardPage.web.tsx(707,124): error TS2339: Property 'p' does not exist on type 'JSX.IntrinsicElements'.
src/modules/alunos/pages/DashboardPage.web.tsx(708,25): error TS2339: Property 'div' does not exist on type 'JSX.IntrinsicElements'.
src/modules/alunos/pages/DashboardPage.web.tsx(710,25): error TS2339: Property 'div' does not exist on type 'JSX.IntrinsicElements'.
src/modules/alunos/pages/DashboardPage.web.tsx(711,23): error TS2339: Property 'div' does not exist on type 'JSX.IntrinsicElements'.
src/modules/alunos/pages/DashboardPage.web.tsx(713,19): error TS2339: Property 'div' does not exist on type 'JSX.IntrinsicElements'.
src/modules/alunos/pages/DashboardPage.web.tsx(716,13): error TS2339: Property 'section' does not exist on type 'JSX.IntrinsicElements'.
src/modules/alunos/pages/DashboardPage.web.tsx(718,9): error TS2339: Property 'div' does not exist on type 'JSX.IntrinsicElements'.
src/modules/alunos/pages/DashboardPage.web.tsx(737,11): error TS2339: Property 'div' does not exist on type 'JSX.IntrinsicElements'.
src/modules/alunos/pages/DashboardPage.web.tsx(749,11): error TS2339: Property 'div' does not exist on type 'JSX.IntrinsicElements'.
src/modules/alunos/pages/DashboardPage.web.tsx(752,5): error TS2339: Property 'div' does not exist on type 'JSX.IntrinsicElements'.
